../Core/Src/main.c:109:6:map	24	static
../Core/Src/main.c:114:6:DMA_ADC_Complete	16	static
../Core/Src/main.c:133:15:kalman_filter	32	static
../Core/Src/main.c:161:6:HAL_ADC_ConvCpltCallback	16	static
../Core/Src/main.c:219:6:HAL_SYSTICK_Callback	8	static
../Core/Src/main.c:434:6:enableTriggerOut	16	static
../Core/Src/main.c:452:6:ManualSequence	16	static
../Core/Src/main.c:466:5:main	32	static
../Core/Src/main.c:614:6:SystemClock_Config	88	static
../Core/Src/main.c:660:13:MX_ADC1_Init	24	static
../Core/Src/main.c:712:13:MX_TIM1_Init	96	static
../Core/Src/main.c:796:13:MX_TIM2_Init	32	static
../Core/Src/main.c:839:13:MX_DMA_Init	16	static
../Core/Src/main.c:857:13:MX_GPIO_Init	40	static
../Core/Src/main.c:906:6:Error_Handler	4	static,ignoring_inline_asm
